../Core/Src/attlog.c:49:17:slot_addr	16	static
../Core/Src/attlog.c:54:13:slot_read	16	static
../Core/Src/attlog.c:59:13:is_blank	24	static
../Core/Src/attlog.c:68:13:slot_blank	32	static
../Core/Src/attlog.c:75:17:crc16	24	static
../Core/Src/attlog.c:89:17:rd32	16	static
../Core/Src/attlog.c:94:13:wr32	16	static
../Core/Src/attlog.c:102:13:pack	24	static
../Core/Src/attlog.c:114:13:unpack	16	static
../Core/Src/attlog.c:127:13:slot_valid	32	static
../Core/Src/attlog.c:134:17:page_valid_count	40	static
../Core/Src/attlog.c:145:13:page_blank	16	static
../Core/Src/attlog.c:151:13:erase_pages	40	static
../Core/Src/attlog.c:168:13:program_slot	40	static
../Core/Src/attlog.c:185:6:attlog_init	40	static
../Core/Src/attlog.c:228:6:attlog_append	64	static
../Core/Src/attlog.c:269:10:attlog_count	4	static
../Core/Src/attlog.c:274:10:attlog_capacity	4	static
../Core/Src/attlog.c:279:6:attlog_foreach	40	static
../Core/Src/attlog.c:304:6:attlog_clear	16	static
../Core/Src/attlog.c:313:13:attlog_result_str	16	static
