../Core/Src/card_db.c:23:13:card_db_is_index_valid	16	static
../Core/Src/card_db.c:28:13:card_db_uid_len_valid	16	static
../Core/Src/card_db.c:35:13:card_db_uid_is_equal	24	static
../Core/Src/card_db.c:52:12:card_db_index_by_uid	24	static
../Core/Src/card_db.c:68:12:card_db_index_by_id	24	static
../Core/Src/card_db.c:83:13:card_db_remove_at	32	static
../Core/Src/card_db.c:98:13:card_db_copy_name	16	static
../Core/Src/card_db.c:115:6:card_db_init	8	static
../Core/Src/card_db.c:121:6:card_db_clear	8	static
../Core/Src/card_db.c:130:6:card_db_is_full	4	static
../Core/Src/card_db.c:136:9:card_db_count	4	static
../Core/Src/card_db.c:142:18:card_db_get_at	16	static
../Core/Src/card_db.c:152:18:card_db_find_by_uid	24	static
../Core/Src/card_db.c:160:18:card_db_find_by_id	24	static
../Core/Src/card_db.c:166:6:card_db_is_registered	16	static
../Core/Src/card_db.c:171:6:card_db_is_enabled	24	static
../Core/Src/card_db.c:180:6:card_db_add	32	static
../Core/Src/card_db.c:215:6:card_db_remove_by_uid	24	static
../Core/Src/card_db.c:222:6:card_db_remove_by_id	24	static
../Core/Src/card_db.c:229:6:card_db_update_status	24	static
../Core/Src/card_db.c:240:6:card_db_update_name	24	static
