../Core/Src/rc522.c:71:12:valid	16	static
../Core/Src/rc522.c:82:21:reg_io	40	static
../Core/Src/rc522.c:133:21:wr	16	static
../Core/Src/rc522.c:142:21:rd	24	static
../Core/Src/rc522.c:151:21:set_bits	24	static
../Core/Src/rc522.c:166:21:clear_bits	24	static
../Core/Src/rc522.c:180:21:transceive_error_status	16	static
../Core/Src/rc522.c:194:21:exchange_cleanup	24	static
../Core/Src/rc522.c:214:21:recover_rf	24	static
../Core/Src/rc522.c:232:17:crc_a	24	static
../Core/Src/rc522.c:256:13:append_crc	24	static
../Core/Src/rc522.c:267:12:crc_ok	24	static
../Core/Src/rc522.c:290:21:exchange	48	static
../Core/Src/rc522.c:452:14:RC522_GetVersion	16	static
../Core/Src/rc522.c:463:14:RC522_Init	48	static
../Core/Src/rc522.c:585:14:RC522_StopCrypto1	16	static
../Core/Src/rc522.c:594:14:RC522_RunSPIDiagnostic	32	static
../Core/Src/rc522.c:693:21:request_a	48	static
../Core/Src/rc522.c:743:21:anticollision_cleanup	24	static
../Core/Src/rc522.c:752:14:RC522_ReadUID	88	static
../Core/Src/rc522.c:938:14:RC522_Halt	48	static
../Core/Src/rc522.c:975:14:RC522_Poll	48	static
../Core/Src/rc522.c:1035:14:RC522_Authenticate	64	static
../Core/Src/rc522.c:1088:14:RC522_ReadBlock	72	static
../Core/Src/rc522.c:1130:21:check_ack	48	static
../Core/Src/rc522.c:1159:14:RC522_WriteBlock	56	static
../Core/Src/rc522.c:1199:13:RC522_StatusString	16	static
../Core/Src/rc522.c:1226:13:RC522_DebugStageString	16	static
